2026-09-29 17:22:57 erreur API 403 {
  "error": {
    "code": "more_permissions_required",
    "message": "Permission denied. The provided key 'rk_live_...cTFF' does not have the required permissions for this endpoint on account 'acct_
2026-09-29 18:09:31 rien de neuf
2026-09-30 10:57:47 rien de neuf
2026-09-30 11:06:02 rien de neuf
2026-09-30 11:16:02 rien de neuf
2026-09-30 11:26:02 rien de neuf
2026-09-30 11:36:02 rien de neuf
2026-09-30 11:46:02 rien de neuf
2026-09-30 11:56:02 rien de neuf
2026-09-30 12:06:02 rien de neuf
2026-09-30 12:16:02 rien de neuf
2026-09-30 12:26:02 rien de neuf
2026-09-30 12:36:02 rien de neuf
2026-09-30 12:46:02 rien de neuf
2026-09-30 12:56:02 rien de neuf
2026-09-30 13:06:03 rien de neuf
2026-09-30 13:16:02 rien de neuf
2026-09-30 13:26:02 rien de neuf
2026-09-30 13:36:02 rien de neuf
2026-09-30 13:46:02 rien de neuf
2026-09-30 13:56:03 rien de neuf
2026-09-30 14:06:03 rien de neuf
2026-09-30 14:16:02 rien de neuf
2026-09-30 14:26:02 rien de neuf
2026-09-30 14:36:02 rien de neuf
2026-09-30 14:46:02 rien de neuf
2026-09-30 14:56:04 rien de neuf
2026-09-30 15:06:02 rien de neuf
2026-09-30 15:16:08 rien de neuf
2026-09-30 15:19:24 rien de neuf
2026-09-30 15:26:21 rien de neuf
2026-09-30 15:36:02 rien de neuf
2026-09-30 15:46:02 rien de neuf
2026-09-30 15:56:02 rien de neuf
2026-09-30 16:06:02 rien de neuf
2026-09-30 16:16:05 rien de neuf
2026-09-30 16:26:02 rien de neuf
2026-09-30 16:36:03 rien de neuf
2026-09-30 16:46:02 rien de neuf
2026-09-30 16:56:02 rien de neuf
2026-09-30 17:06:02 rien de neuf
2026-09-30 17:16:02 rien de neuf
2026-09-30 17:26:04 rien de neuf
2026-09-30 17:36:02 rien de neuf
2026-09-30 17:46:03 rien de neuf
2026-09-30 17:56:02 rien de neuf
2026-09-30 18:06:02 rien de neuf
2026-09-30 18:16:03 rien de neuf
2026-09-30 18:26:02 rien de neuf
2026-09-30 18:36:03 rien de neuf
2026-09-30 18:46:02 rien de neuf
2026-09-30 18:56:02 rien de neuf
2026-09-30 19:06:02 rien de neuf
2026-09-30 19:16:04 rien de neuf
2026-09-30 19:26:07 rien de neuf
2026-09-30 19:39:36 rien de neuf
2026-09-30 19:50:54 rien de neuf
2026-09-30 19:56:27 rien de neuf
2026-09-30 20:14:08 rien de neuf
2026-09-30 20:16:05 rien de neuf
2026-09-30 20:26:04 rien de neuf
2026-09-30 20:36:04 rien de neuf
2026-09-30 20:46:03 rien de neuf
2026-09-30 20:56:04 rien de neuf
2026-09-30 21:06:03 rien de neuf
2026-09-30 21:16:07 rien de neuf
2026-09-30 21:26:03 rien de neuf
2026-09-30 21:36:03 rien de neuf
2026-09-30 21:46:03 rien de neuf
2026-09-30 21:56:03 rien de neuf
2026-09-30 22:06:07 rien de neuf
2026-09-30 22:16:03 rien de neuf
2026-09-30 22:26:03 rien de neuf
2026-09-30 22:36:03 rien de neuf
2026-09-30 22:46:02 rien de neuf
2026-09-30 22:56:12 rien de neuf
2026-09-30 23:06:03 rien de neuf
2026-09-30 23:16:03 rien de neuf
2026-09-30 23:26:03 rien de neuf
2026-09-30 23:36:04 rien de neuf
2026-09-30 23:46:06 rien de neuf
2026-09-30 23:56:04 rien de neuf
2026-10-01 00:06:04 rien de neuf
2026-10-01 00:16:03 rien de neuf
